
> tmp_app@0.1.0 dev
> next dev

  ▲ Next.js 14.2.3
  - Local:        http://localhost:3000

 ✓ Starting...
next-optimized-images ❯ WARNING!
next-optimized-images ❯ No package found which can optimize images.
next-optimized-images ❯ Starting from version 2 of next-optimized-images, all optimization is optional and you can choose which ones you want to use.
next-optimized-images ❯ For help during the setup and installation, please read https://github.com/cyrilwanner/next-optimized-images#optimization-packages

next-optimized-images ❯ If you recently updated from v1 to v2, please read https://github.com/cyrilwanner/next-optimized-images/blob/master/UPGRADING.md
next-optimized-images ❯ If this is on purpose and you don't want this plugin to optimize the images, set the option `optimizeImages: false` to hide this warning.

> [PWA] PWA support is disabled
next-optimized-images ❯ WARNING!
next-optimized-images ❯ No package found which can optimize images.
next-optimized-images ❯ Starting from version 2 of next-optimized-images, all optimization is optional and you can choose which ones you want to use.
next-optimized-images ❯ For help during the setup and installation, please read https://github.com/cyrilwanner/next-optimized-images#optimization-packages

next-optimized-images ❯ If you recently updated from v1 to v2, please read https://github.com/cyrilwanner/next-optimized-images/blob/master/UPGRADING.md
next-optimized-images ❯ If this is on purpose and you don't want this plugin to optimize the images, set the option `optimizeImages: false` to hide this warning.

> [PWA] PWA support is disabled
 ✓ Ready in 2.6s
 ○ Compiling /tools/cv-builder ...
 ✓ Compiled /tools/cv-builder in 12.5s (1789 modules)
Firebase API Key is missing. Check your .env file.
 ⚠ metadataBase property in metadata export is not set for resolving social open graph or twitter images, using "http://localhost:3000". See https://nextjs.org/docs/app/api-reference/functions/generate-metadata#metadatabase
 GET /tools/cv-builder 200 in 13376ms
 ✓ Compiled in 6.3s (1789 modules)
 ✓ Compiled in 1309ms (1789 modules)
 ✓ Compiled in 999ms (1789 modules)
